c:\users\predator\documents\tickmeter-master\tickmeter-master — gpt-fixed tcp ping — работае мониторинг полностью но без vpn\rtss\x86\obj\debug\rtss.pch
c:\users\predator\documents\tickmeter-master\tickmeter-master — gpt-fixed tcp ping — работае мониторинг полностью но без vpn\rtss\x86\obj\debug\vc143.pdb
c:\users\predator\documents\tickmeter-master\tickmeter-master — gpt-fixed tcp ping — работае мониторинг полностью но без vpn\rtss\x86\obj\debug\stdafx.xdc
c:\users\predator\documents\tickmeter-master\tickmeter-master — gpt-fixed tcp ping — работае мониторинг полностью но без vpn\rtss\x86\obj\debug\rtss.pchast
c:\users\predator\documents\tickmeter-master\tickmeter-master — gpt-fixed tcp ping — работае мониторинг полностью но без vpn\rtss\x86\obj\debug\stdafx.nativecodeanalysis.xml
c:\users\predator\documents\tickmeter-master\tickmeter-master — gpt-fixed tcp ping — работае мониторинг полностью но без vpn\rtss\x86\obj\debug\stdafx.obj
c:\users\predator\documents\tickmeter-master\tickmeter-master — gpt-fixed tcp ping — работае мониторинг полностью но без vpn\rtss\x86\obj\debug\assemblyinfo.xdc
c:\users\predator\documents\tickmeter-master\tickmeter-master — gpt-fixed tcp ping — работае мониторинг полностью но без vpn\rtss\x86\obj\debug\osd.xdc
c:\users\predator\documents\tickmeter-master\tickmeter-master — gpt-fixed tcp ping — работае мониторинг полностью но без vpn\rtss\x86\obj\debug\rtsshookstypes.xdc
c:\users\predator\documents\tickmeter-master\tickmeter-master — gpt-fixed tcp ping — работае мониторинг полностью но без vpn\rtss\x86\obj\debug\assemblyinfo.nativecodeanalysis.xml
c:\users\predator\documents\tickmeter-master\tickmeter-master — gpt-fixed tcp ping — работае мониторинг полностью но без vpn\rtss\x86\obj\debug\osd.nativecodeanalysis.xml
c:\users\predator\documents\tickmeter-master\tickmeter-master — gpt-fixed tcp ping — работае мониторинг полностью но без vpn\rtss\x86\obj\debug\rtsshookstypes.nativecodeanalysis.xml
c:\users\predator\documents\tickmeter-master\tickmeter-master — gpt-fixed tcp ping — работае мониторинг полностью но без vpn\rtss\x86\obj\debug\rtsshookstypes.obj
c:\users\predator\documents\tickmeter-master\tickmeter-master — gpt-fixed tcp ping — работае мониторинг полностью но без vpn\rtss\x86\obj\debug\osd.obj
c:\users\predator\documents\tickmeter-master\tickmeter-master — gpt-fixed tcp ping — работае мониторинг полностью но без vpn\rtss\x86\obj\debug\assemblyinfo.obj
c:\users\predator\documents\tickmeter-master\tickmeter-master — gpt-fixed tcp ping — работае мониторинг полностью но без vpn\rtss\x86\obj\debug\.netframework,version=v4.7.2.assemblyattributes.xdc
c:\users\predator\documents\tickmeter-master\tickmeter-master — gpt-fixed tcp ping — работае мониторинг полностью но без vpn\rtss\x86\obj\debug\.netframework,version=v4.7.2.assemblyattributes.nativecodeanalysis.xml
c:\users\predator\documents\tickmeter-master\tickmeter-master — gpt-fixed tcp ping — работае мониторинг полностью но без vpn\rtss\x86\obj\debug\.netframework,version=v4.7.2.assemblyattributes.obj
c:\users\predator\documents\tickmeter-master\tickmeter-master — gpt-fixed tcp ping — работае мониторинг полностью но без vpn\rtss\x86\bin\debug\rtss.dll
c:\users\predator\documents\tickmeter-master\tickmeter-master — gpt-fixed tcp ping — работае мониторинг полностью но без vpn\rtss\x86\bin\debug\rtss.pdb
c:\users\predator\documents\tickmeter-master\tickmeter-master — gpt-fixed tcp ping — работае мониторинг полностью но без vpn\rtss\x86\bin\debug\rtss.xml
c:\users\predator\documents\tickmeter-master\tickmeter-master — gpt-fixed tcp ping — работае мониторинг полностью но без vpn\rtss\x86\obj\debug\vc.nativecodeanalysis.all.xml
c:\users\predator\documents\tickmeter-master\tickmeter-master — gpt-fixed tcp ping — работае мониторинг полностью но без vpn\rtss\\x86\bin\debug\rtss.pdb
c:\users\predator\documents\tickmeter-master\tickmeter-master — gpt-fixed tcp ping — работае мониторинг полностью но без vpn\rtss\\x86\obj\debug\rtss.vcxproj.filelistabsolute.txt
c:\users\predator\documents\tickmeter-master\tickmeter-master — gpt-fixed tcp ping — работае мониторинг полностью но без vpn\rtss\x86\obj\debug\rtss.tlog\cl.command.1.tlog
c:\users\predator\documents\tickmeter-master\tickmeter-master — gpt-fixed tcp ping — работае мониторинг полностью но без vpn\rtss\x86\obj\debug\rtss.tlog\cl.items.tlog
c:\users\predator\documents\tickmeter-master\tickmeter-master — gpt-fixed tcp ping — работае мониторинг полностью но без vpn\rtss\x86\obj\debug\rtss.tlog\cl.read.1.tlog
c:\users\predator\documents\tickmeter-master\tickmeter-master — gpt-fixed tcp ping — работае мониторинг полностью но без vpn\rtss\x86\obj\debug\rtss.tlog\cl.write.1.tlog
c:\users\predator\documents\tickmeter-master\tickmeter-master — gpt-fixed tcp ping — работае мониторинг полностью но без vpn\rtss\x86\obj\debug\rtss.tlog\link.command.1.tlog
c:\users\predator\documents\tickmeter-master\tickmeter-master — gpt-fixed tcp ping — работае мониторинг полностью но без vpn\rtss\x86\obj\debug\rtss.tlog\link.read.1.tlog
c:\users\predator\documents\tickmeter-master\tickmeter-master — gpt-fixed tcp ping — работае мониторинг полностью но без vpn\rtss\x86\obj\debug\rtss.tlog\link.secondary.1.tlog
c:\users\predator\documents\tickmeter-master\tickmeter-master — gpt-fixed tcp ping — работае мониторинг полностью но без vpn\rtss\x86\obj\debug\rtss.tlog\link.write.1.tlog
c:\users\predator\documents\tickmeter-master\tickmeter-master — gpt-fixed tcp ping — работае мониторинг полностью но без vpn\rtss\x86\obj\debug\rtss.tlog\metagen.read.1.tlog
c:\users\predator\documents\tickmeter-master\tickmeter-master — gpt-fixed tcp ping — работае мониторинг полностью но без vpn\rtss\x86\obj\debug\rtss.tlog\metagen.write.1.tlog
c:\users\predator\documents\tickmeter-master\tickmeter-master — gpt-fixed tcp ping — работае мониторинг полностью но без vpn\rtss\x86\obj\debug\rtss.tlog\xdcmake.command.1.tlog
c:\users\predator\documents\tickmeter-master\tickmeter-master — gpt-fixed tcp ping — работае мониторинг полностью но без vpn\rtss\x86\obj\debug\rtss.tlog\xdcmake.read.1.tlog
c:\users\predator\documents\tickmeter-master\tickmeter-master — gpt-fixed tcp ping — работае мониторинг полностью но без vpn\rtss\x86\obj\debug\rtss.tlog\xdcmake.write.1.tlog
